   Γû▓ Next.js 15.2.4

   Creating an optimized production build ...
 Γ£ô Compiled successfully
   Skipping validation of types
   Linting ...
node.exe :  Γ¿» 
ESLint: Converting 
circular structure to 
JSON     --> starting 
at object with 
constructor 'Object'  
   |     property 
'configs' -> object 
with constructor 
'Object'     |     
property 'flat' -> 
object with 
constructor 'Object'  
   |     ...     |    
 property 'plugins' 
-> object with 
constructor 'Object'  
   --- property 
'react' closes the 
circle Referenced 
from: D:\cosmic\wica.l
ol\.eslintrc.json
At C:\Program Files\no
dejs\npx.ps1:29 char:3
+   & $NODE_EXE 
$NPX_CLI_JS $args
+   ~~~~~~~~~~~~~~~~~~
~~~~~~~~~~~
    + CategoryInfo    
          : NotSpeci  
  fied: ( Γ¿» ESLin   
 t: Co...\.eslintr    
c.json:String) []    
, RemoteException
    + FullyQualifiedE 
   rrorId : NativeCo  
  mmandError
 
   Collecting page data ...
 ΓÜá Using edge 
runtime on a page 
currently disables 
static generation for 
that page
   Generating static pages (0/12) ...
   Generating static pages (3/12) 
   Generating static pages (6/12) 
   Generating static pages (9/12) 
Fetching post for slug: why-did-i-even-make-this-website
Fetching post for slug: the-api-nobody-talks-about-but-everyone-needs
Available posts: [
  'why-did-i-even-make-this-website',
  'the-api-nobody-talks-about-but-everyone-needs'
]
Found post: {
  slug: 'why-did-i-even-make-this-website',
  metadata: {
    title: 'First Post: Why Did I Even Make This Website?',
    date: '2025-04-11'
  },
  content: '# First Post: Why Did I Even Make This Website?\n' +
    ' \n' +
    ' Hello world ≡ƒæï  \n' +
    ' (Yes, *that* "hello world" every coder abuses for 10+ years straight.)\n' +
    ' \n' +
    " This is my very first post here. Honestly, I have no idea what I'm doing. I just thought,  \n" +
    ` *"hmmm let's waste 3 hours styling a website and call it 'productive'."* ≡ƒ½í\n` +
    ' \n' +
    ' I mean, other people out there are building billion-dollar startups.  \n' +
    ' Meanwhile, I spent two weeks fighting with TailwindCSS margins ≡ƒÿö.\n' +
    ' \n' +
    ' ---\n' +
    ' \n' +
    ' ## What to expect from this website?\n' +
    ' \n' +
    ' - Γ£ì∩╕Å Random blogs about random tech stuff I barely understand\n' +
    ' - ≡ƒºá Brain dumps at 3AM when my two brain cells collide\n' +
    ' - ≡ƒ¢á∩╕Å Cool projects that **almost** work\n' +
    ' - ≡ƒñí And of course, occasional memes because... sanity\n' +
    ' \n' +
    ' ---\n' +
    ' \n' +
    ' ## So... why did I suddenly make a website?\n' +
    ' \n' +
    ' **Funny story.**  \n' +
    " I was randomly doomscrolling through GitHub's explore tab like every normal human being ≡ƒÆÇ.  \n" +
    ' And somehow I stumbled across this insane repo: [puang59/puang](https://github.com/puang59/puang).\n' +
    ' \n' +
    ' My two brain cells had a meeting right there and decided:  \n' +
    ' > "Bro. You NEED a personal website. Right. Now."\n' +
    ' \n' +
    ' And just like that, here we are.  \n' +
    ' Blame the repo. Blame my ADHD. Blame society. Whatever works.\n' +
    ' \n' +
    ' ---\n' +
    ' \n' +
    ' ## Final thoughts\n' +
    ' \n' +
    ' If you somehow found this website:  \n' +
    ' **Congratulations.** You have unlocked a secret corner of the internet nobody asked for.\n' +
    ' \n' +
    ' Stay tuned. Or donΓÇÖt.  \n' +
    ' Either way, IΓÇÖm still gonna keep posting nonsense here ≡ƒÆÇ≡ƒÖÅ.'
}
Available posts: [
  'why-did-i-even-make-this-website',
  'the-api-nobody-talks-about-but-everyone-needs'
]
Found post: {
  slug: 'the-api-nobody-talks-about-but-everyone-needs',
  metadata: {
    title: 'The API Nobody Talks About but Everyone Needs',
    date: '2025-04-11'
  },
  content: '# The API Nobody Talks About but Everyone Needs\n' +
    '\n' +
    'APIs are everywhere. They power your Instagram feed, your Grab delivery, and even that AI chatbot you asked how to boil an egg ≡ƒì│. But today, letΓÇÖs talk about one of the most **underrated** and **overlooked** types of API in modern development: **Internal APIs**.\n' +
    '\n' +
    '## WaitΓÇª What the heck is an Internal API?\n' +
    '\n' +
    'While public APIs are designed to be exposed (like REST APIs for third-party devs or external integrations), internal APIs are the ones you build *for yourself* ΓÇö to connect services, reduce redundancy, and keep your team from rewriting the same logic 500 times across microservices.  \n' +
    '\n' +
    'Think of it like this:\n' +
    '\n' +
    '> Public APIs: ΓÇ£HereΓÇÖs my beautifully documented interface, dear world!ΓÇ¥  \n' +
    '> Internal APIs: ΓÇ£Bro, just hit port 3001, it works... I think.ΓÇ¥ ≡ƒÆÇ\n' +
    '\n' +
    '## Why Internal APIs are lowkey the GOAT ≡ƒÉÉ\n' +
    '\n' +
    "Internal APIs, when done right, bring *structure* to chaos. Here's why they matter:\n" +
    '\n' +
    '- ≡ƒöü **Code Reuse** ΓÇô Stop duplicating logic across your backend.\n' +
    '- ≡ƒÜ¬ **Decoupling** ΓÇô Separate your services cleanly. Frontend team cries less.\n' +
    '- ≡ƒº¬ **Testing & Mocking** ΓÇô You can simulate microservice behaviors for testing flows.\n' +
    '- ≡ƒº⌐ **Composable Architecture** ΓÇô Build flexible systems with plug-n-play services.\n' +
    '- ≡ƒÜÇ **Scalability** ΓÇô Add new clients (mobile, admin panel, CLI, toaster) without rewriting business logic.\n' +
    '\n' +
    '## The Dark Side: What Can Go Horribly Wrong\n' +
    '\n' +
    'Now donΓÇÖt get me wrong, internal APIs can also be a dumpster fire if you:\n' +
    '\n' +
    '- Γ¥î Have zero documentation (a.k.a "guess-the-endpoint" game).\n' +
    '- ≡ƒöä Break contracts without versioning ΓÇö enjoy your 500 errors in prod.\n' +
    '- ≡ƒº╗ Use weird naming conventions like `/v2/users/fetchActiveButNotReally`.\n' +
    '\n' +
    'Also, letΓÇÖs not even talk about **authentication inside internal networks**. Some teams just... donΓÇÖt. ≡ƒÖâ\n' +
    '\n' +
    '## Best Practices for Building Internal APIs\n' +
    '\n' +
    '1. **Use OpenAPI (Swagger)** even for internal docs. Your future self will thank you.\n' +
    '2. **Version your endpoints** ΓÇô internal doesnΓÇÖt mean immune to change.\n' +
    '3. **Add monitoring + logging** ΓÇô because when it breaks, it breaks hard.\n' +
    '4. **Separate dev and prod environments** ΓÇô trust me, someone *will* run a DELETE in production.\n' +
    '5. **Treat internal users like external ones** ΓÇô just with fewer ΓÇ£pleaseΓÇ¥s.\n' +
    '\n' +
    '## Bonus: Tooling Stack for Internal API Devs\n' +
    '\n' +
    '| Tool | Use |\n' +
    '|------|-----|\n' +
    '| Postman / Insomnia | Quick endpoint testing |\n' +
    '| Swagger UI | Auto-generated docs |\n' +
    '| NGINX / Traefik | API gateway & reverse proxy |\n' +
    '| Kong / Apigee | Full-blown API management |\n' +
    '| Jest / Supertest | Test your endpoints before they test your patience |\n' +
    '\n' +
    '---\n' +
    '\n' +
    '**TL;DR:**  \n' +
    'Internal APIs may not get the spotlight, but theyΓÇÖre the glue holding your entire system together. Treat them like first-class citizens and your whole team (and future you) will sleep better.\n' +
    '\n' +
    'Until next time ΓÇö keep your endpoints clean and your 500s rare.\n' +
    '\n' +
    '> Peace out Γ£î∩╕Å  \n' +
    '> ΓÇö william, your local API janitor'
}
 Γ£ô Generating static pages (12/12)
   Finalizing page optimization ...
   Collecting build traces ...

Route (app)                                                   Size  First Load JS  Revalidate  Expire
Γöî Γùï /                                                      6.73 kB         154 kB
Γö£ Γùï /_not-found                                              155 B         103 kB
Γö£ ╞Æ /api/now-playing                                         155 B         103 kB
Γö£ ╞Æ /api/weather                                             155 B         103 kB
Γö£ ╞Æ /blog                                                   7.8 kB         154 kB
Γö£ ΓùÅ /blog/[slug]                                           12.6 kB         158 kB          1m      1y
Γö£   Γö£ /blog/why-did-i-even-make-this-website                                               1m      1y
Γö£   Γöö /blog/the-api-nobody-talks-about-but-everyone-needs                                  1m      1y
Γö£ Γùï /credits                                               5.27 kB         157 kB
Γö£ ╞Æ /og/blog                                                 155 B         103 kB
Γö£ ╞Æ /og/home                                                 155 B         103 kB
Γö£ Γùï /photos                                                5.41 kB         152 kB
Γöö Γùï /projects                                              6.62 kB         148 kB
+ First Load JS shared by all                               102 kB
  Γö£ chunks/1684-384baaf4f0039f91.js                        45.8 kB
  Γö£ chunks/4bd1b696-78b7d3063bca43dc.js                    53.3 kB
  Γöö other shared chunks (total)                            3.43 kB


Γùï  (Static)   prerendered as static content
ΓùÅ  (SSG)      prerendered as static HTML (uses generateStaticParams)
╞Æ  (Dynamic)  server-rendered on demand

